
==== PropertyData [runtime] (70 fields) ====
meta_version=27 profile=mid
[static] +0x0000 OffsetOfInstanceIDInCPlusPlusObject : int (s32) @0x4531EDEBD8 = -2136293376
+0x0010 m_CachedPtr.m_value : System.String[]* (u64) @0x4532D5C6A0 = A+10B800340
+0x0010 name : System.String[]* (u64) @0x4532D5C6A0 = A+10B800340
+0x0018 battleModelData : BattleModelHumanData* (u64) @0x4532D5C6A8 = A+10B8AF810
+0x0018 m_CancellationTokenSource : BattleModelHumanData* (u64) @0x4532D5C6A8 = A+10B8AF810
+0x0020 modelData : PortraitModelData* (u64) @0x4532D5C6B0 = A+10D7619A0
+0x0028 sex : valuetype (u64) @0x4532D5C6B8 = Fp:1.000000000
+0x002C race : valuetype (u64) @0x4532D5C6BC = Fp:192.000000000
+0x0030 age : int (s32) @0x4532D5C6C0 = +192
+0x0034 life : int (s32) @0x4532D5C6C4 = +96000
+0x0038 beauty : int (s32) @0x4532D5C6C8 = +470
+0x003C standUp : int (s32) @0x4532D5C6CC = +100
+0x0040 standDown : int (s32) @0x4532D5C6D0 = +100
+0x0044 reputation : int (s32) @0x4532D5C6D4 = +0
+0x0048 exp : int (s32) @0x4532D5C6D8 = +0
+0x004C gradeID : int (s32) @0x4532D5C6DC = +1
+0x0050 inTrait : int (s32) @0x4532D5C6E0 = +2
+0x0054 outTrait1 : int (s32) @0x4532D5C6E4 = +8
+0x0058 outTrait2 : int (s32) @0x4532D5C6E8 = +9
+0x005C abilityPoint : int (s32) @0x4532D5C6EC = +12
+0x0060 abilityExp : int (s32) @0x4532D5C6F0 = +48
+0x0064 abilityUpLevel : int (s32) @0x4532D5C6F4 = +0
+0x0068 talent : int (s32) @0x4532D5C6F8 = +81
+0x006C health : int (s32) @0x4532D5C6FC = +98
+0x0070 healthMax : int (s32) @0x4532D5C700 = +100
+0x0074 hp : int (s32) @0x4532D5C704 = +353
+0x0078 hpMax : int (s32) @0x4532D5C708 = +296
+0x007C mp : int (s32) @0x4532D5C70C = +268
+0x0080 mpMax : int (s32) @0x4532D5C710 = +268
+0x0084 sp : int (s32) @0x4532D5C714 = +103
+0x0088 spMax : int (s32) @0x4532D5C718 = +103
+0x008C attack : int (s32) @0x4532D5C71C = +201
+0x0090 defense : int (s32) @0x4532D5C720 = +7
+0x0094 footSpeed : int (s32) @0x4532D5C724 = +500
+0x0098 luck : int (s32) @0x4532D5C728 = +80
+0x009C energy : int (s32) @0x4532D5C72C = +75
+0x00A0 energyMax : int (s32) @0x4532D5C730 = +80
+0x00A4 crit : int (s32) @0x4532D5C734 = +30
+0x00A8 critValue : int (s32) @0x4532D5C738 = +200
+0x00AC guard : int (s32) @0x4532D5C73C = +15
+0x00B0 guardValue : int (s32) @0x4532D5C740 = +0
+0x00B4 moveSpeed : int (s32) @0x4532D5C744 = +350
+0x00B8 phycicalFree : int (s32) @0x4532D5C748 = +0
+0x00BC magicFree : int (s32) @0x4532D5C74C = +0
+0x00C0 basisFire : int (s32) @0x4532D5C750 = +5
+0x00C4 basisFroze : int (s32) @0x4532D5C754 = +2
+0x00C8 basisThunder : int (s32) @0x4532D5C758 = +18
+0x00CC basisWind : int (s32) @0x4532D5C75C = +21
+0x00D0 basisEarth : int (s32) @0x4532D5C760 = +13
+0x00D4 basisWood : int (s32) @0x4532D5C764 = +4
+0x00D8 basisSword : int (s32) @0x4532D5C768 = +2
+0x00DC basisSpear : int (s32) @0x4532D5C76C = +5
+0x00E0 basisBlade : int (s32) @0x4532D5C770 = +3
+0x00E4 basisFist : int (s32) @0x4532D5C774 = +4
+0x00E8 basisPalm : int (s32) @0x4532D5C778 = +22
+0x00EC basisFinger : int (s32) @0x4532D5C77C = +14
+0x00F0 refineElixir : int (s32) @0x4532D5C780 = +111
+0x00F4 refineWeapon : int (s32) @0x4532D5C784 = +8
+0x00F8 geomancy : int (s32) @0x4532D5C788 = +2
+0x00FC symbol : int (s32) @0x4532D5C78C = +6
+0x0100 herbal : int (s32) @0x4532D5C790 = +1
+0x0104 mine : int (s32) @0x4532D5C794 = +8
+0x0108 mood : int (s32) @0x4532D5C798 = +110
+0x010C moodMax : int (s32) @0x4532D5C79C = +100
+0x0110 hobby : System.Int32[]* (s32) @0x4532D5C7A0 = +664287536
+0x0118 bornLuck : LuckData[]* (u64) @0x4532D5C7A8 = A+10C148BC0
+0x0120 addLuck : System.Collections.Generic.List`1* (u64) @0x4532D5C7B0 = A+10D768570
+0x0128 looksLove : System.Int32[]* (s32) @0x4532D5C7B8 = +738833920
+0x0130 unitInfo : UnitInfoData* (u64) @0x4532D5C7C0 = A+118B506E0
+0x0138 _unit : WorldUnitBase* (u64) @0x4532D5C7C8 = A+1110743C0
