
==== CharacterControllerSylas [runtime] (109 fields) ====
meta_version=0 profile=unknown
[static] +0x0000 OffsetOfInstanceIDInCPlusPlusObject : int (s32) @0x69F85BDB40 = +0
+0x0010 m_CachedPtr.m_value : void* (u64) @0x69F8746650 = A+207D40F70
+0x0018 OnCharacterDamagedHandler : class (u64) @0x69F8746658 = 0
+0x0018 m_CancellationTokenSource : System.Threading.CancellationTokenSource* (u64) @0x69F8746658 = 0
+0x0020 OnCharacterTokeDamageHandler : class (u64) @0x69F8746660 = 0
+0x0028 OnCharacterRestoreHealthHandler : OnCharacterRestoreHealthDelegate* (u64) @0x69F8746668 = A+119B92B40
+0x0030 OnCharacterDamageShieldHandler : class (u64) @0x69F8746670 = 0
+0x0038 OnCharacterRestoreShieldHandler : class (u64) @0x69F8746678 = 0
+0x0040 OnCharacterAddShieldHandler : class (u64) @0x69F8746680 = 0
+0x0048 OnCharacterRemoveShieldHandler : class (u64) @0x69F8746688 = 0
+0x0050 OnCharacterDamageGuardHandler : class (u64) @0x69F8746690 = 0
+0x0058 OnCharacterRestoreGuardHandler : class (u64) @0x69F8746698 = 0
+0x0060 OnCharacterRemovedGuardHandler : class (u64) @0x69F87466A0 = 0
+0x0068 _characterDataDefault : DigitalSun.Starblitz.ScriptableCharacterData* (u64) @0x69F87466A8 = A+11C92D960
+0x0070 _characterDataInstance : DigitalSun.Starblitz.ScriptableCharacterData* (u64) @0x69F87466B0 = A+11E902640
+0x0078 _currentAttackData : DigitalSun.Starblitz.ScriptableAttackData* (u64) @0x69F87466B8 = A+11AB15A50
+0x0080 _canvas : UnityEngine.Canvas* (u64) @0x69F87466C0 = A+11E6AA6A0
+0x0088 _animator : UnityEngine.Animator* (u64) @0x69F87466C8 = A+11E47F5A0
+0x0090 _transform : UnityEngine.Transform* (u64) @0x69F87466D0 = A+11E47F520
+0x0098 _rigidbody : UnityEngine.Rigidbody2D* (u64) @0x69F87466D8 = A+11E439E40
+0x00A0 _abnormalStatusSystem : DigitalSun.Starblitz.AbnormalStatusSystem* (u64) @0x69F87466E0 = A+11E339180
+0x00A8 _feedbackController : DigitalSun.Starblitz.CharacterFeedbackController* (u64) @0x69F87466E8 = A+11E2E93C0
+0x00B0 _characterFXController : DigitalSun.Starblitz.SylasFXController* (u64) @0x69F87466F0 = A+11C782000
+0x00B8 _spriteRenderers : UnityEngine.SpriteRenderer[]* (u64) @0x69F87466F8 = A+1242EF000
+0x00C0 _characterCenter : UnityEngine.Transform* (u64) @0x69F8746700 = A+11E6AA680
+0x00C8 _hookablePoint : UnityEngine.Transform* (u64) @0x69F8746708 = A+11E6AA660
+0x00D0 _frameData : valuetype (u64) @0x69F8746710 = 0
+0x0118 _isBlockedFromCutscene : bool (u8) @0x69F8746758 = 000
+0x0119 _absoluteBlockMovement : bool (u8) @0x69F8746759 = 000
+0x011A _absoluteBlockCasting : bool (u8) @0x69F874675A = 000
+0x011B _absoluteIsRooted : bool (u8) @0x69F874675B = 000
+0x011C _absoluteIsStunned : bool (u8) @0x69F874675C = 000
+0x011D _absoluteIsSilenced : bool (u8) @0x69F874675D = 000
+0x011E _isInvincible : bool (u8) @0x69F874675E = 001
+0x011F _isInvulnerable : bool (u8) @0x69F874675F = 001
+0x0120 _invulnerableStackIds : System.Collections.Generic.List<string>* (u64) @0x69F8746760 = A+11E33F060
+0x0128 _assignedEnemyArea : DigitalSun.Starblitz.EnemyArea* (u64) @0x69F8746768 = A+11A808F20
+0x0130 _assignedEnemyActivationArea : class (u64) @0x69F8746770 = 0
+0x0138 _abilitySpawnPoint : System.Collections.Generic.List<Transform>* (u64) @0x69F8746778 = A+11E6B2BD0
+0x0140 _soundConstants : DigitalSun.Starblitz.ScriptableSoundConstants* (u64) @0x69F8746780 = A+122E90000
+0x0148 _originalSortingOrders : System.Collections.Generic.List<int>* (u64) @0x69F8746788 = A+11E33F030
+0x0150 _originalSortingGroupOrders : System.Collections.Generic.List<int>* (u64) @0x69F8746790 = A+11E33F000
[static] +0x0008 OnSylasShieldChangeHandler : class (u64) @0x69F85BDB48 = 0
+0x0010 OnSylasInitializeStatsHandler : class (u64) @0x69F8746650 = A+207D40F70
+0x0018 OnInventoryInitializeHandler : class (u64) @0x69F8746658 = 0
+0x0020 OnCharacterDieHandler : class (u64) @0x69F8746660 = 0
+0x0028 OnAbnormalStatusAppliedToSylasHandler : OnCharacterRestoreHealthDelegate* (u64) @0x69F8746668 = A+119B92B40
+0x0030 OnPlayerDataLoadedFromDiskHandler : class (u64) @0x69F8746670 = 0
+0x0038 OnManaChangedHandler : class (u64) @0x69F8746678 = 0
+0x0040 OnCharacterReviveHandler : class (u64) @0x69F8746680 = 0
+0x0048 OnPlayerInitializedHandler : class (u64) @0x69F8746688 = 0
+0x0050 HitCopying : int (s32) @0x69F8746690 = +0
+0x0158 OnCharacterDealtDamageHandler : class (u64) @0x69F8746798 = 0
+0x0160 sylasStatsLevel : uint (u32) @0x69F87467A0 = 0
+0x0168 _characterCombat : DigitalSun.Starblitz.CharacterCombatSylas* (u64) @0x69F87467A8 = A+11E342A80
+0x0170 _characterMovement : DigitalSun.Starblitz.CharacterMovementSylas* (u64) @0x69F87467B0 = A+6DA89380
+0x0178 _characterAim : DigitalSun.Starblitz.CharacterPlayerAim* (u64) @0x69F87467B8 = A+11A5C9130
+0x0180 _characterCombatAim : DigitalSun.Starblitz.CharacterPlayerCombatAim* (u64) @0x69F87467C0 = A+11A7B0DD0
+0x0188 _playerController : DigitalSun.Starblitz.CharacterControllerSylas* (u64) @0x69F87467C8 = A+124546640
+0x0190 _cameraTargetDeath : UnityEngine.GameObject* (u64) @0x69F87467D0 = A+11E6AA620
+0x0198 _runeEquipment : DigitalSun.Starblitz.RuneEquipment* (u64) @0x69F87467D8 = A+11E4C9210
+0x01A0 _maxMana : float (flt) @0x69F87467E0 = 0
+0x01A4 _currentMana : float (flt) @0x69F87467E4 = 0
+0x01A8 _dialoguePoint : UnityEngine.Transform* (u64) @0x69F87467E8 = A+11E513340
+0x01B0 _inventory : DigitalSun.Starblitz.ScriptableSylasInventory* (u64) @0x69F87467F0 = A+11C368D80
+0x01B8 _inventoryInstance : DigitalSun.Starblitz.ScriptableSylasInventory* (u64) @0x69F87467F8 = A+1242EC700
+0x01C0 _deathSnapshot : class (u64) @0x69F8746800 = 0
+0x01C8 _inputBuffer : DigitalSun.Starblitz.InputBuffer* (u64) @0x69F8746808 = A+11E3112A0
+0x01D0 _canReviveFromPowerUp : bool (u8) @0x69F8746810 = 001
+0x01D1 _isPlayerInQTE : bool (u8) @0x69F8746811 = 000
[static] +0x0008 OnPlayerBecomesVisibleHandler : class (u64) @0x69F85BDB48 = 0
+0x0010 _isPotionBlocked : bool (u8) @0x69F8746650 = 112
+0x01D8 passiveRunesParent : UnityEngine.Transform* (u64) @0x69F8746818 = A+11E6AA600
+0x01E0 _rawMoveDirection : valuetype (u64) @0x69F8746820 = 0
+0x01E8 _rawAimDirection : valuetype (u64) @0x69F8746828 = 0
+0x01F0 _rawInputDirection : valuetype (u64) @0x69F8746830 = 0
+0x01F8 _isHoldingAttackButton : bool (u8) @0x69F8746838 = 000
+0x01F9 _doSpartanKickOnButtonReleased : bool (u8) @0x69F8746839 = 000
+0x01FA _doWhirlOnButtonReleased : bool (u8) @0x69F874683A = 000
+0x0200 _whirlDelayedCall : class (u64) @0x69F8746840 = 0
+0x0208 _spartanKickDelayedCall : class (u64) @0x69F8746848 = 0
+0x0210 _currentAttack : valuetype (u64) @0x69F8746850 = Fp:256.000000001
+0x0214 _isInvisible : bool (u8) @0x69F8746854 = 000
+0x0215 _canHoldButton : bool (u8) @0x69F8746855 = 001
+0x0218 _animatorController : DigitalSun.Starblitz.CharacterAnimatorControllerSylas* (u64) @0x69F8746858 = A+11E33D6C0
+0x0220 _chargeSound : DigitalSun.FMODWrapper* (u64) @0x69F8746860 = A+11E86E3C0
+0x0228 _chargeSoundNextAttackParameter : valuetype (u64) @0x69F8746868 = A+6F53F828
+0x0260 _tutorialMode : bool (u8) @0x69F87468A0 = 001
+0x0261 _tutorialCanMove : bool (u8) @0x69F87468A1 = 001
+0x0262 _tutorialCanLightAttack : bool (u8) @0x69F87468A2 = 001
+0x0263 _tutorialCanHeavyAttack : bool (u8) @0x69F87468A3 = 001
+0x0264 _tutorialCanDash : bool (u8) @0x69F87468A4 = 001
+0x0265 _tutorialCanCopyAbility : bool (u8) @0x69F87468A5 = 001
+0x0266 _tutorialCanUseAbility : bool (u8) @0x69F87468A6 = 001
+0x0267 _tutorialCanThrow : bool (u8) @0x69F87468A7 = 000
+0x0268 _tutorialCanUsePotion : bool (u8) @0x69F87468A8 = 000
+0x0270 _currentPlayerInteraction : System.Collections.Generic.List<PlayerInteraction>* (u64) @0x69F87468B0 = A+11E33F0C0
+0x0278 _mouseInputAiming : bool (u8) @0x69F87468B8 = 000
+0x0279 _furyLeft : bool (u8) @0x69F87468B9 = 000
+0x027A _furyRight : bool (u8) @0x69F87468BA = 000
[static] +0x0008 OnPlayerDieInTutorialHandler : class (u64) @0x69F85BDB48 = 0
+0x0280 characterAnimatorController : DigitalSun.Starblitz.CharacterAnimatorControllerSylas* (u64) @0x69F87468C0 = A+11E33D6C0
+0x0288 _aimGizmo : DigitalSun.Starblitz.CharacterPlayerAimGizmo* (u64) @0x69F87468C8 = A+11E2DC900
+0x0290 _audioListener : FMODUnity.StudioListener* (u64) @0x69F87468D0 = A+11E2D7E00
+0x0298 _artContainer : UnityEngine.GameObject* (u64) @0x69F87468D8 = A+11E6AA5E0
+0x02A0 _rightHandPoint : UnityEngine.Transform* (u64) @0x69F87468E0 = A+11E6AA5C0
+0x02A8 _leftHandPoint : UnityEngine.Transform* (u64) @0x69F87468E8 = A+11E6AA5A0
+0x02B0 _currentHandPoint : UnityEngine.Transform* (u64) @0x69F87468F0 = A+11E6AA5C0
+0x02B8 _overTimeAbilitiesDamaging : System.Collections.Generic.Dictionary<Type, double>* (u64) @0x69F87468F8 = A+11E31E2A0

==== CharacterControllerSylas [runtime] (109 fields) ====
meta_version=0 profile=unknown
[static] +0x0000 OffsetOfInstanceIDInCPlusPlusObject : int (s32) @0x69F85BDB40 = +0
+0x0010 m_CachedPtr.m_value : void* (u64) @0x69F8746650 = A+207D40F70
+0x0018 OnCharacterDamagedHandler : class (u64) @0x69F8746658 = 0
+0x0018 m_CancellationTokenSource : System.Threading.CancellationTokenSource* (u64) @0x69F8746658 = 0
+0x0020 OnCharacterTokeDamageHandler : class (u64) @0x69F8746660 = 0
+0x0028 OnCharacterRestoreHealthHandler : OnCharacterRestoreHealthDelegate* (u64) @0x69F8746668 = A+119B92B40
+0x0030 OnCharacterDamageShieldHandler : class (u64) @0x69F8746670 = 0
+0x0038 OnCharacterRestoreShieldHandler : class (u64) @0x69F8746678 = 0
+0x0040 OnCharacterAddShieldHandler : class (u64) @0x69F8746680 = 0
+0x0048 OnCharacterRemoveShieldHandler : class (u64) @0x69F8746688 = 0
+0x0050 OnCharacterDamageGuardHandler : class (u64) @0x69F8746690 = 0
+0x0058 OnCharacterRestoreGuardHandler : class (u64) @0x69F8746698 = 0
+0x0060 OnCharacterRemovedGuardHandler : class (u64) @0x69F87466A0 = 0
+0x0068 _characterDataDefault : DigitalSun.Starblitz.ScriptableCharacterData* (u64) @0x69F87466A8 = A+11C92D960
+0x0070 _characterDataInstance : DigitalSun.Starblitz.ScriptableCharacterData* (u64) @0x69F87466B0 = A+11E902640
+0x0078 _currentAttackData : DigitalSun.Starblitz.ScriptableAttackData* (u64) @0x69F87466B8 = A+11AB15E70
+0x0080 _canvas : UnityEngine.Canvas* (u64) @0x69F87466C0 = A+11E6AA6A0
+0x0088 _animator : UnityEngine.Animator* (u64) @0x69F87466C8 = A+11E47F5A0
+0x0090 _transform : UnityEngine.Transform* (u64) @0x69F87466D0 = A+11E47F520
+0x0098 _rigidbody : UnityEngine.Rigidbody2D* (u64) @0x69F87466D8 = A+11E439E40
+0x00A0 _abnormalStatusSystem : DigitalSun.Starblitz.AbnormalStatusSystem* (u64) @0x69F87466E0 = A+11E339180
+0x00A8 _feedbackController : DigitalSun.Starblitz.CharacterFeedbackController* (u64) @0x69F87466E8 = A+11E2E93C0
+0x00B0 _characterFXController : DigitalSun.Starblitz.SylasFXController* (u64) @0x69F87466F0 = A+11C782000
+0x00B8 _spriteRenderers : UnityEngine.SpriteRenderer[]* (u64) @0x69F87466F8 = A+1242EF000
+0x00C0 _characterCenter : UnityEngine.Transform* (u64) @0x69F8746700 = A+11E6AA680
+0x00C8 _hookablePoint : UnityEngine.Transform* (u64) @0x69F8746708 = A+11E6AA660
+0x00D0 _frameData : valuetype (u64) @0x69F8746710 = 0
+0x0118 _isBlockedFromCutscene : bool (u8) @0x69F8746758 = 000
+0x0119 _absoluteBlockMovement : bool (u8) @0x69F8746759 = 000
+0x011A _absoluteBlockCasting : bool (u8) @0x69F874675A = 000
+0x011B _absoluteIsRooted : bool (u8) @0x69F874675B = 000
+0x011C _absoluteIsStunned : bool (u8) @0x69F874675C = 000
+0x011D _absoluteIsSilenced : bool (u8) @0x69F874675D = 000
+0x011E _isInvincible : bool (u8) @0x69F874675E = 001
+0x011F _isInvulnerable : bool (u8) @0x69F874675F = 001
+0x0120 _invulnerableStackIds : System.Collections.Generic.List<string>* (u64) @0x69F8746760 = A+11E33F060
+0x0128 _assignedEnemyArea : class (u64) @0x69F8746768 = 0
+0x0130 _assignedEnemyActivationArea : class (u64) @0x69F8746770 = 0
+0x0138 _abilitySpawnPoint : System.Collections.Generic.List<Transform>* (u64) @0x69F8746778 = A+11E6B2BD0
+0x0140 _soundConstants : DigitalSun.Starblitz.ScriptableSoundConstants* (u64) @0x69F8746780 = A+122E90000
+0x0148 _originalSortingOrders : System.Collections.Generic.List<int>* (u64) @0x69F8746788 = A+11E33F030
+0x0150 _originalSortingGroupOrders : System.Collections.Generic.List<int>* (u64) @0x69F8746790 = A+11E33F000
[static] +0x0008 OnSylasShieldChangeHandler : class (u64) @0x69F85BDB48 = 0
+0x0010 OnSylasInitializeStatsHandler : class (u64) @0x69F8746650 = A+207D40F70
+0x0018 OnInventoryInitializeHandler : class (u64) @0x69F8746658 = 0
+0x0020 OnCharacterDieHandler : class (u64) @0x69F8746660 = 0
+0x0028 OnAbnormalStatusAppliedToSylasHandler : OnCharacterRestoreHealthDelegate* (u64) @0x69F8746668 = A+119B92B40
+0x0030 OnPlayerDataLoadedFromDiskHandler : class (u64) @0x69F8746670 = 0
+0x0038 OnManaChangedHandler : class (u64) @0x69F8746678 = 0
+0x0040 OnCharacterReviveHandler : class (u64) @0x69F8746680 = 0
+0x0048 OnPlayerInitializedHandler : class (u64) @0x69F8746688 = 0
+0x0050 HitCopying : int (s32) @0x69F8746690 = +0
+0x0158 OnCharacterDealtDamageHandler : class (u64) @0x69F8746798 = 0
+0x0160 sylasStatsLevel : uint (u32) @0x69F87467A0 = 0
+0x0168 _characterCombat : DigitalSun.Starblitz.CharacterCombatSylas* (u64) @0x69F87467A8 = A+11E342A80
+0x0170 _characterMovement : DigitalSun.Starblitz.CharacterMovementSylas* (u64) @0x69F87467B0 = A+6DA89380
+0x0178 _characterAim : DigitalSun.Starblitz.CharacterPlayerAim* (u64) @0x69F87467B8 = A+11A5C9130
+0x0180 _characterCombatAim : DigitalSun.Starblitz.CharacterPlayerCombatAim* (u64) @0x69F87467C0 = A+11A7B0DD0
+0x0188 _playerController : DigitalSun.Starblitz.CharacterControllerSylas* (u64) @0x69F87467C8 = A+124546640
+0x0190 _cameraTargetDeath : UnityEngine.GameObject* (u64) @0x69F87467D0 = A+11E6AA620
+0x0198 _runeEquipment : DigitalSun.Starblitz.RuneEquipment* (u64) @0x69F87467D8 = A+11E4C9210
+0x01A0 _maxMana : float (flt) @0x69F87467E0 = 0
+0x01A4 _currentMana : float (flt) @0x69F87467E4 = 0
+0x01A8 _dialoguePoint : UnityEngine.Transform* (u64) @0x69F87467E8 = A+11E513340
+0x01B0 _inventory : DigitalSun.Starblitz.ScriptableSylasInventory* (u64) @0x69F87467F0 = A+11C368D80
+0x01B8 _inventoryInstance : DigitalSun.Starblitz.ScriptableSylasInventory* (u64) @0x69F87467F8 = A+1242EC700
+0x01C0 _deathSnapshot : class (u64) @0x69F8746800 = 0
+0x01C8 _inputBuffer : DigitalSun.Starblitz.InputBuffer* (u64) @0x69F8746808 = A+11E3112A0
+0x01D0 _canReviveFromPowerUp : bool (u8) @0x69F8746810 = 001
+0x01D1 _isPlayerInQTE : bool (u8) @0x69F8746811 = 000
[static] +0x0008 OnPlayerBecomesVisibleHandler : class (u64) @0x69F85BDB48 = 0
+0x0010 _isPotionBlocked : bool (u8) @0x69F8746650 = 112
+0x01D8 passiveRunesParent : UnityEngine.Transform* (u64) @0x69F8746818 = A+11E6AA600
+0x01E0 _rawMoveDirection : valuetype (u64) @0x69F8746820 = 0
+0x01E8 _rawAimDirection : valuetype (u64) @0x69F8746828 = 0
+0x01F0 _rawInputDirection : valuetype (u64) @0x69F8746830 = 0
+0x01F8 _isHoldingAttackButton : bool (u8) @0x69F8746838 = 000
+0x01F9 _doSpartanKickOnButtonReleased : bool (u8) @0x69F8746839 = 000
+0x01FA _doWhirlOnButtonReleased : bool (u8) @0x69F874683A = 000
+0x0200 _whirlDelayedCall : class (u64) @0x69F8746840 = 0
+0x0208 _spartanKickDelayedCall : class (u64) @0x69F8746848 = 0
+0x0210 _currentAttack : valuetype (u64) @0x69F8746850 = Fp:256.000000000
+0x0214 _isInvisible : bool (u8) @0x69F8746854 = 000
+0x0215 _canHoldButton : bool (u8) @0x69F8746855 = 001
+0x0218 _animatorController : DigitalSun.Starblitz.CharacterAnimatorControllerSylas* (u64) @0x69F8746858 = A+11E33D6C0
+0x0220 _chargeSound : DigitalSun.FMODWrapper* (u64) @0x69F8746860 = A+11E86E3C0
+0x0228 _chargeSoundNextAttackParameter : valuetype (u64) @0x69F8746868 = A+6F53F828
+0x0260 _tutorialMode : bool (u8) @0x69F87468A0 = 001
+0x0261 _tutorialCanMove : bool (u8) @0x69F87468A1 = 001
+0x0262 _tutorialCanLightAttack : bool (u8) @0x69F87468A2 = 001
+0x0263 _tutorialCanHeavyAttack : bool (u8) @0x69F87468A3 = 001
+0x0264 _tutorialCanDash : bool (u8) @0x69F87468A4 = 001
+0x0265 _tutorialCanCopyAbility : bool (u8) @0x69F87468A5 = 001
+0x0266 _tutorialCanUseAbility : bool (u8) @0x69F87468A6 = 001
+0x0267 _tutorialCanThrow : bool (u8) @0x69F87468A7 = 001
+0x0268 _tutorialCanUsePotion : bool (u8) @0x69F87468A8 = 000
+0x0270 _currentPlayerInteraction : System.Collections.Generic.List<PlayerInteraction>* (u64) @0x69F87468B0 = A+11E33F0C0
+0x0278 _mouseInputAiming : bool (u8) @0x69F87468B8 = 000
+0x0279 _furyLeft : bool (u8) @0x69F87468B9 = 000
+0x027A _furyRight : bool (u8) @0x69F87468BA = 000
[static] +0x0008 OnPlayerDieInTutorialHandler : class (u64) @0x69F85BDB48 = 0
+0x0280 characterAnimatorController : DigitalSun.Starblitz.CharacterAnimatorControllerSylas* (u64) @0x69F87468C0 = A+11E33D6C0
+0x0288 _aimGizmo : DigitalSun.Starblitz.CharacterPlayerAimGizmo* (u64) @0x69F87468C8 = A+11E2DC900
+0x0290 _audioListener : FMODUnity.StudioListener* (u64) @0x69F87468D0 = A+11E2D7E00
+0x0298 _artContainer : UnityEngine.GameObject* (u64) @0x69F87468D8 = A+11E6AA5E0
+0x02A0 _rightHandPoint : UnityEngine.Transform* (u64) @0x69F87468E0 = A+11E6AA5C0
+0x02A8 _leftHandPoint : UnityEngine.Transform* (u64) @0x69F87468E8 = A+11E6AA5A0
+0x02B0 _currentHandPoint : UnityEngine.Transform* (u64) @0x69F87468F0 = A+11E6AA5A0
+0x02B8 _overTimeAbilitiesDamaging : System.Collections.Generic.Dictionary<Type, double>* (u64) @0x69F87468F8 = A+11E31E2A0
