[make_AOB] name="read value" offset=01161734 instruction=F9400100 offset_register=0 hook=0000002FBF966734 path="sdmc:/switch/breeze/cheats/Wings of Endless/read value.aob"
[make_AOB] wrote file pattern_words=6 hook_position=12 occurrences=1 target_index=0 unique=yes
[make_AOB] name="read value" offset=01161734 instruction=F9400100 offset_register=0 hook=0000005C41B66734 path="sdmc:/switch/breeze/cheats/Wings of Endless/read value.aob"
[make_AOB] kept existing file: signature still matches
[make_AOB] name="read value" offset=01161734 instruction=F9400100 offset_register=0 hook=0000005C41B66734 path="sdmc:/switch/breeze/cheats/Wings of Endless/read value.aob"
[make_AOB] existing file is stale or does not match; regenerating
[make_AOB] wrote file pattern_words=6 hook_position=12 occurrences=1 target_index=0 unique=yes
[make_AOB] name="read value" offset=01161734 instruction=F9400100 offset_register=0 hook=0000005C41B66734 path="sdmc:/switch/breeze/cheats/Wings of Endless/read value.aob"
[make_AOB] existing file is stale or does not match; regenerating
[make_AOB] wrote file pattern_words=6 hook_position=12 occurrences=1 target_index=0 unique=yes
[make_AOB] name="read value" offset=01161734 instruction=F9400100 offset_register=0 hook=0000005C41B66734 path="sdmc:/switch/breeze/cheats/Wings of Endless/read value.aob"
[make_AOB] existing file is stale or does not match; regenerating
[make_AOB] wrote file pattern_words=6 hook_position=12 occurrences=1 target_index=0 unique=yes
[make_AOB] name="read value" offset=01161734 instruction=F9400100 offset_register=0 hook=0000005C41B66734 path="sdmc:/switch/breeze/cheats/Wings of Endless/read value.aob"
[make_AOB] existing file is stale or does not match; regenerating
[make_AOB] wrote file pattern_words=6 hook_position=12 occurrences=1 target_index=0 unique=yes
[make_AOB] name="hack value" offset=01161734 instruction=F9400100 offset_register=0 hook=0000005C41B66734 path="sdmc:/switch/breeze/cheats/Wings of Endless/hack value.aob"
[make_AOB] wrote file pattern_words=6 hook_position=12 occurrences=1 target_index=0 unique=yes
[make_AOB] name="hack value" offset=01161734 instruction=F9400100 offset_register=0 hook=0000004736566734 path="sdmc:/switch/breeze/cheats/Wings of Endless/hack value.aob"
[make_AOB] kept existing file: signature still matches
[make_AOB] name="hack value" offset=01161734 instruction=F9400100 offset_register=0 hook=0000000D98166734 path="sdmc:/switch/breeze/cheats/Wings of Endless/hack value.aob"
[make_AOB] existing file is stale or does not match; regenerating
[make_AOB] wrote file pattern_words=6 hook_position=12 occurrences=1 target_index=0 unique=yes
[make_AOB] name="hack value" offset=01161734 instruction=F9400100 offset_register=0 hook=0000000D98166734 path="sdmc:/switch/breeze/cheats/Wings of Endless/hack value.aob"
[make_AOB] existing file is stale or does not match; regenerating
[make_AOB] wrote file pattern_words=6 hook_position=12 occurrences=1 target_index=0 unique=yes
[make_AOB] name="hack value" offset=01161734 instruction=F9400100 offset_register=0 hook=0000005961566734 path="sdmc:/switch/breeze/cheats/Wings of Endless/hack value.aob"
[make_AOB] existing file is stale or does not match; regenerating
[make_AOB] wrote file pattern_words=6 hook_position=12 occurrences=1 target_index=0 unique=yes
[make_AOB] name="hack value" offset=01161734 instruction=F9400100 offset_register=0 hook=0000005961566734 path="sdmc:/switch/breeze/cheats/Wings of Endless/hack value.aob"
[make_AOB] existing file is stale or does not match; regenerating
[make_AOB] wrote file pattern_words=6 hook_position=12 occurrences=1 target_index=0 unique=yes
[make_AOB] name="hack value" offset=01161734 instruction=F9400100 offset_register=0 hook=0000005961566734 path="sdmc:/switch/breeze/cheats/Wings of Endless/hack value.aob"
[make_AOB] kept existing file: signature still matches
[make_AOB] name="hack value" offset=01161734 instruction=F9400100 offset_register=0 hook=0000005961566734 path="sdmc:/switch/breeze/cheats/Wings of Endless/hack value.aob"
[make_AOB] kept existing file: signature still matches
[make_AOB] name="hack value" offset=01161734 instruction=F9400100 offset_register=0 hook=0000005961566734 path="sdmc:/switch/breeze/cheats/Wings of Endless/hack value.aob"
[make_AOB] kept existing file: signature still matches
[make_AOB] name="hack value" offset=01161734 instruction=F9400100 offset_register=0 hook=0000005961566734 path="sdmc:/switch/breeze/cheats/Wings of Endless/hack value.aob"
[make_AOB] kept existing file: signature still matches
[make_AOB] name="hack value" offset=01161734 instruction=F9400100 offset_register=0 hook=0000005961566734 path="sdmc:/switch/breeze/cheats/Wings of Endless/hack value.aob"
[make_AOB] kept existing file: signature still matches
[make_AOB] name="hack value" offset=01161734 instruction=F9400100 offset_register=0 hook=0000005961566734 path="sdmc:/switch/breeze/cheats/Wings of Endless/hack value.aob"
[make_AOB] kept existing file: signature still matches
[make_AOB] name="hack value" offset=01161734 instruction=F9400100 offset_register=0 hook=0000005961566734 path="sdmc:/switch/breeze/cheats/Wings of Endless/hack value.aob"
[make_AOB] kept existing file: signature still matches
[make_AOB] name="hack value" offset=01161734 instruction=F9400100 offset_register=0 hook=0000005961566734 path="sdmc:/switch/breeze/cheats/Wings of Endless/hack value.aob"
[make_AOB] kept existing file: signature still matches
[make_AOB] name="hack value" offset=01161734 instruction=F9400100 offset_register=0 hook=00000008FEF66734 path="sdmc:/switch/breeze/cheats/Wings of Endless/hack value.aob"
[make_AOB] kept existing file: signature still matches
[make_AOB] name="hack value" offset=01161734 instruction=F9400100 offset_register=0 hook=00000008FEF66734 path="sdmc:/switch/breeze/cheats/Wings of Endless/hack value.aob"
[make_AOB] existing file is stale or does not match; regenerating
[make_AOB] wrote file pattern_words=6 hook_position=12 occurrences=1 target_index=0 unique=yes
[make_AOB] name="hack value" offset=01161734 instruction=F9400100 offset_register=0 hook=00000008FEF66734 path="sdmc:/switch/breeze/cheats/Wings of Endless/hack value.aob"
[make_AOB] kept existing file: signature still matches
[make_AOB] name="hack value" offset=01161734 instruction=F9400100 offset_register=0 hook=00000008FEF66734 path="sdmc:/switch/breeze/cheats/Wings of Endless/hack value.aob"
[make_AOB] existing file is stale or does not match; regenerating
[make_AOB] wrote file pattern_words=6 hook_position=12 occurrences=1 target_index=0 unique=yes
[make_AOB] name="hack value" offset=01161734 instruction=F9400100 offset_register=0 hook=00000008FEF66734 path="sdmc:/switch/breeze/cheats/Wings of Endless/hack value.aob"
[make_AOB] existing file is stale or does not match; regenerating
[make_AOB] wrote file pattern_words=6 hook_position=12 occurrences=1 target_index=0 unique=yes
[make_AOB] name="hack value" offset=01161734 instruction=F9400100 offset_register=0 hook=00000008FEF66734 path="sdmc:/switch/breeze/cheats/Wings of Endless/hack value.aob"
[make_AOB] existing file is stale or does not match; regenerating
[make_AOB] wrote file pattern_words=6 hook_position=12 occurrences=1 target_index=0 unique=yes
[make_AOB] name="hack value" offset=01161734 instruction=F9400100 offset_register=0 hook=0000001FA7F66734 path="sdmc:/switch/breeze/cheats/Wings of Endless/hack value.aob"
[make_AOB] kept existing file: signature still matches
[make_AOB] name="inf jump" offset=01161434 instruction=F8696915 offset_register=0 hook=00000073A5366434 path="sdmc:/switch/breeze/cheats/Wings of Endless/inf jump.aob"
[make_AOB] wrote file pattern_words=16 hook_position=60 occurrences=11 target_index=5 unique=no
[make_AOB] name="inf jump" offset=01161434 instruction=F8696915 offset_register=0 hook=00000073A5366434 path="sdmc:/switch/breeze/cheats/Wings of Endless/inf jump.aob"
[make_AOB] existing file is stale or does not match; regenerating
[make_AOB] wrote file pattern_words=16 hook_position=60 occurrences=11 target_index=5 unique=no
[make_AOB] name="inf jump" offset=01161434 instruction=F8696915 offset_register=0 hook=00000062C2766434 path="sdmc:/switch/breeze/cheats/Wings of Endless/inf jump.aob"
[make_AOB] kept existing file: signature still matches
[make_AOB] name="inf jump" offset=01161434 instruction=F8696915 offset_register=0 hook=00000062C2766434 path="sdmc:/switch/breeze/cheats/Wings of Endless/inf jump.aob"
[make_AOB] kept existing file: signature still matches
[make_AOB] name="inf jump" offset=01161434 instruction=F8696915 offset_register=0 hook=00000062C2766434 path="sdmc:/switch/breeze/cheats/Wings of Endless/inf jump.aob"
[make_AOB] existing file is stale or does not match; regenerating
[make_AOB] wrote file pattern_words=16 hook_position=60 occurrences=11 target_index=5 unique=no
[make_AOB] name="aj2" offset=014FB770 instruction=F8696915 offset_register=0 hook=00000062C2B00770 path="sdmc:/switch/breeze/cheats/Wings of Endless/aj2.aob"
[make_AOB] wrote file pattern_words=6 hook_position=12 occurrences=1 target_index=0 unique=yes
[make_AOB] name="aj2" offset=014FB770 instruction=F8696915 offset_register=0 hook=00000062C2B00770 path="sdmc:/switch/breeze/cheats/Wings of Endless/aj2.aob"
[make_AOB] existing file is stale or does not match; regenerating
[make_AOB] wrote file pattern_words=6 hook_position=12 occurrences=1 target_index=0 unique=yes
[make_AOB] name="inf jump" offset=01161434 instruction=F8696915 offset_register=0 hook=0000007DBA566434 path="sdmc:/switch/breeze/cheats/Wings of Endless/inf jump.aob"
[make_AOB] existing file is stale or does not match; regenerating
[make_AOB] wrote file pattern_words=16 hook_position=60 occurrences=11 target_index=5 unique=no
[make_AOB] name="inf jump" offset=01161434 instruction=F8696915 offset_register=0 hook=000000792B166434 path="sdmc:/switch/breeze/cheats/Wings of Endless/inf jump.aob"
[make_AOB] kept existing file: signature still matches
[make_AOB] name="inf jump" offset=01161434 instruction=F8696915 offset_register=0 hook=0000000F97B66434 path="sdmc:/switch/breeze/cheats/Wings of Endless/inf jump.aob"
[make_AOB] existing file is stale or does not match; regenerating
[make_AOB] wrote file pattern_words=16 hook_position=60 occurrences=11 target_index=5 unique=no
[make_AOB] name="inf jump" offset=01161434 instruction=F8696915 offset_register=0 hook=0000000F97B66434 path="sdmc:/switch/breeze/cheats/Wings of Endless/inf jump.aob"
[make_AOB] existing file is stale or does not match; regenerating
[make_AOB] wrote file pattern_words=16 hook_position=60 occurrences=11 target_index=5 unique=no
[make_AOB] name="inf jump" offset=01161434 instruction=F8696915 offset_register=0 hook=0000000F97B66434 path="sdmc:/switch/breeze/cheats/Wings of Endless/inf jump.aob"
[make_AOB] existing file is stale or does not match; regenerating
[make_AOB] wrote file pattern_words=16 hook_position=60 occurrences=11 target_index=5 unique=no
