locate(): chunk_count=30
  [ 0] 'GEN8' addr=0x0000002561C66010 size=2080
  [ 1] 'OPTN' addr=0x0000002561C66838 size=120
  [ 2] 'LANG' addr=0x0000002561C668B8 size=24
  [ 3] 'EXTN' addr=0x0000002561C668D8 size=8
  [ 4] 'SOND' addr=0x0000002561C668E8 size=6440
  [ 5] 'AGRP' addr=0x0000002561C68218 size=40
  [ 6] 'SPRT' addr=0x0000002561C68248 size=1035784
  [ 7] 'BGND' addr=0x0000002561D65058 size=14424
  [ 8] 'PATH' addr=0x0000002561D688B8 size=8
  [ 9] 'SCPT' addr=0x0000002561D688C8 size=150072
  [10] 'GLOB' addr=0x0000002561D8D308 size=1384
  [11] 'SHDR' addr=0x0000002561D8D878 size=2840
  [12] 'FONT' addr=0x0000002561D8E398 size=19928
  [13] 'TMLN' addr=0x0000002561D93178 size=8
  [14] 'OBJT' addr=0x0000002561D93188 size=166376
  [15] 'FEDS' addr=0x0000002561DBBB78 size=168
  [16] 'ACRV' addr=0x0000002561DBBC28 size=8
  [17] 'SEQN' addr=0x0000002561DBBC38 size=11256
  [18] 'TAGS' addr=0x0000002561DBE838 size=3048
  [19] 'ROOM' addr=0x0000002561DBF428 size=3549576
  [20] 'DAFL' addr=0x0000002562121DB8 size=8
  [21] 'EMBI' addr=0x0000002562121DC8 size=136
  [22] 'PSEM' addr=0x0000002562121E58 size=2408
  [23] 'PSYS' addr=0x00000025621227C8 size=280
  [24] 'TPAG' addr=0x00000025621228E8 size=157000
  [25] 'TGIN' addr=0x0000002562148E38 size=6440
  [26] 'FEAT' addr=0x000000256214A768 size=88
  [27] 'STRG' addr=0x000000256214A7C8 size=1500600
  [28] 'TXTR' addr=0x00000025622B8D88 size=3857096
  [29] 'AUDO' addr=0x0000002562666858 size=4
chunk("VARI") -> NOT FOUND (no scope tags will be built)
